Archive member included to satisfy reference by file (symbol)

/Applications/Simplicity Studio.app/Contents/Eclipse/developer/toolchains/gnu_arm/10.3_2021.10/bin/../lib/gcc/arm-none-eabi/10.3.1/thumb/v8-m.main+fp/softfp/libgcc.a(_arm_muldf3.o)
                              ./src/main_single_oversampling_16bit.o (__aeabi_dmul)
/Applications/Simplicity Studio.app/Contents/Eclipse/developer/toolchains/gnu_arm/10.3_2021.10/bin/../lib/gcc/arm-none-eabi/10.3.1/thumb/v8-m.main+fp/softfp/libgcc.a(_arm_addsubdf3.o)
                              ./src/main_single_oversampling_16bit.o (__aeabi_ui2d)
/Applications/Simplicity Studio.app/Contents/Eclipse/developer/toolchains/gnu_arm/10.3_2021.10/bin/../lib/gcc/arm-none-eabi/10.3.1/thumb/v8-m.main+fp/softfp/libgcc.a(_arm_muldivdf3.o)
                              ./src/main_single_oversampling_16bit.o (__aeabi_ddiv)
/Applications/Simplicity Studio.app/Contents/Eclipse/developer/toolchains/gnu_arm/10.3_2021.10/bin/../lib/gcc/arm-none-eabi/10.3.1/thumb/v8-m.main+fp/softfp/libgcc.a(unwind-arm.o)
                              ./CMSIS/EFR32MG22/startup_efr32mg22.o (__aeabi_unwind_cpp_pr0)
/Applications/Simplicity Studio.app/Contents/Eclipse/developer/toolchains/gnu_arm/10.3_2021.10/bin/../lib/gcc/arm-none-eabi/10.3.1/thumb/v8-m.main+fp/softfp/libgcc.a(libunwind.o)
                              /Applications/Simplicity Studio.app/Contents/Eclipse/developer/toolchains/gnu_arm/10.3_2021.10/bin/../lib/gcc/arm-none-eabi/10.3.1/thumb/v8-m.main+fp/softfp/libgcc.a(unwind-arm.o) (restore_core_regs)
/Applications/Simplicity Studio.app/Contents/Eclipse/developer/toolchains/gnu_arm/10.3_2021.10/bin/../lib/gcc/arm-none-eabi/10.3.1/thumb/v8-m.main+fp/softfp/libgcc.a(pr-support.o)
                              /Applications/Simplicity Studio.app/Contents/Eclipse/developer/toolchains/gnu_arm/10.3_2021.10/bin/../lib/gcc/arm-none-eabi/10.3.1/thumb/v8-m.main+fp/softfp/libgcc.a(unwind-arm.o) (__gnu_unwind_execute)
/Applications/Simplicity Studio.app/Contents/Eclipse/developer/toolchains/gnu_arm/10.3_2021.10/bin/../lib/gcc/arm-none-eabi/10.3.1/../../../../arm-none-eabi/lib/thumb/v8-m.main+fp/softfp/libc_nano.a(lib_a-abort.o)
                              /Applications/Simplicity Studio.app/Contents/Eclipse/developer/toolchains/gnu_arm/10.3_2021.10/bin/../lib/gcc/arm-none-eabi/10.3.1/thumb/v8-m.main+fp/softfp/libgcc.a(unwind-arm.o) (abort)
/Applications/Simplicity Studio.app/Contents/Eclipse/developer/toolchains/gnu_arm/10.3_2021.10/bin/../lib/gcc/arm-none-eabi/10.3.1/../../../../arm-none-eabi/lib/thumb/v8-m.main+fp/softfp/libc_nano.a(lib_a-exit.o)
                              /Applications/Simplicity Studio.app/Contents/Eclipse/developer/toolchains/gnu_arm/10.3_2021.10/bin/../lib/gcc/arm-none-eabi/10.3.1/../../../../arm-none-eabi/lib/thumb/v8-m.main+fp/softfp/crt0.o (exit)
/Applications/Simplicity Studio.app/Contents/Eclipse/developer/toolchains/gnu_arm/10.3_2021.10/bin/../lib/gcc/arm-none-eabi/10.3.1/../../../../arm-none-eabi/lib/thumb/v8-m.main+fp/softfp/libc_nano.a(lib_a-impure.o)
                              /Applications/Simplicity Studio.app/Contents/Eclipse/developer/toolchains/gnu_arm/10.3_2021.10/bin/../lib/gcc/arm-none-eabi/10.3.1/../../../../arm-none-eabi/lib/thumb/v8-m.main+fp/softfp/libc_nano.a(lib_a-exit.o) (_global_impure_ptr)
/Applications/Simplicity Studio.app/Contents/Eclipse/developer/toolchains/gnu_arm/10.3_2021.10/bin/../lib/gcc/arm-none-eabi/10.3.1/../../../../arm-none-eabi/lib/thumb/v8-m.main+fp/softfp/libc_nano.a(lib_a-init.o)
                              /Applications/Simplicity Studio.app/Contents/Eclipse/developer/toolchains/gnu_arm/10.3_2021.10/bin/../lib/gcc/arm-none-eabi/10.3.1/../../../../arm-none-eabi/lib/thumb/v8-m.main+fp/softfp/crt0.o (__libc_init_array)
/Applications/Simplicity Studio.app/Contents/Eclipse/developer/toolchains/gnu_arm/10.3_2021.10/bin/../lib/gcc/arm-none-eabi/10.3.1/../../../../arm-none-eabi/lib/thumb/v8-m.main+fp/softfp/libc_nano.a(lib_a-memcpy-stub.o)
                              /Applications/Simplicity Studio.app/Contents/Eclipse/developer/toolchains/gnu_arm/10.3_2021.10/bin/../lib/gcc/arm-none-eabi/10.3.1/thumb/v8-m.main+fp/softfp/libgcc.a(unwind-arm.o) (memcpy)
/Applications/Simplicity Studio.app/Contents/Eclipse/developer/toolchains/gnu_arm/10.3_2021.10/bin/../lib/gcc/arm-none-eabi/10.3.1/../../../../arm-none-eabi/lib/thumb/v8-m.main+fp/softfp/libc_nano.a(lib_a-memset.o)
                              /Applications/Simplicity Studio.app/Contents/Eclipse/developer/toolchains/gnu_arm/10.3_2021.10/bin/../lib/gcc/arm-none-eabi/10.3.1/../../../../arm-none-eabi/lib/thumb/v8-m.main+fp/softfp/crt0.o (memset)
/Applications/Simplicity Studio.app/Contents/Eclipse/developer/toolchains/gnu_arm/10.3_2021.10/bin/../lib/gcc/arm-none-eabi/10.3.1/../../../../arm-none-eabi/lib/thumb/v8-m.main+fp/softfp/libc_nano.a(lib_a-signal.o)
[...]
Memory Configuration

Name             Origin             Length             Attributes
FLASH            0x0000000000000000 0x0000000000080000 xr
RAM              0x0000000020000000 0x0000000000008000 xrw
*default*        0x0000000000000000 0xffffffffffffffff

Linker script and memory map

LOAD /Applications/Simplicity Studio.app/Contents/Eclipse/developer/toolchains/gnu_arm/10.3_2021.10/bin/../lib/gcc/arm-none-eabi/10.3.1/thumb/v8-m.main+fp/softfp/crti.o
LOAD /Applications/Simplicity Studio.app/Contents/Eclipse/developer/toolchains/gnu_arm/10.3_2021.10/bin/../lib/gcc/arm-none-eabi/10.3.1/thumb/v8-m.main+fp/softfp/crtbegin.o
LOAD /Applications/Simplicity Studio.app/Contents/Eclipse/developer/toolchains/gnu_arm/10.3_2021.10/bin/../lib/gcc/arm-none-eabi/10.3.1/../../../../arm-none-eabi/lib/thumb/v8-m.main+fp/softfp/crt0.o
LOAD ./CMSIS/EFR32MG22/startup_efr32mg22.o
LOAD ./CMSIS/EFR32MG22/system_efr32mg22.o
LOAD ./emlib/em_cmu.o
LOAD ./emlib/em_core.o
LOAD ./emlib/em_emu.o
LOAD ./emlib/em_gpio.o
LOAD ./emlib/em_iadc.o
LOAD ./emlib/em_prs.o
LOAD ./emlib/em_system.o
LOAD ./src/main_single_oversampling_16bit.o
START GROUP
LOAD /Applications/Simplicity Studio.app/Contents/Eclipse/developer/toolchains/gnu_arm/10.3_2021.10/bin/../lib/gcc/arm-none-eabi/10.3.1/thumb/v8-m.main+fp/softfp/libgcc.a
LOAD /Applications/Simplicity Studio.app/Contents/Eclipse/developer/toolchains/gnu_arm/10.3_2021.10/bin/../lib/gcc/arm-none-eabi/10.3.1/../../../../arm-none-eabi/lib/thumb/v8-m.main+fp/softfp/libc_nano.a
LOAD /Applications/Simplicity Studio.app/Contents/Eclipse/developer/toolchains/gnu_arm/10.3_2021.10/bin/../lib/gcc/arm-none-eabi/10.3.1/../../../../arm-none-eabi/lib/thumb/v8-m.main+fp/softfp/libnosys.a
END GROUP
START GROUP
LOAD /Applications/Simplicity Studio.app/Contents/Eclipse/developer/toolchains/gnu_arm/10.3_2021.10/bin/../lib/gcc/arm-none-eabi/10.3.1/thumb/v8-m.main+fp/softfp/libgcc.a
LOAD /Applications/Simplicity Studio.app/Contents/Eclipse/developer/toolchains/gnu_arm/10.3_2021.10/bin/../lib/gcc/arm-none-eabi/10.3.1/../../../../arm-none-eabi/lib/thumb/v8-m.main+fp/softfp/libg_nano.a
LOAD /Applications/Simplicity Studio.app/Contents/Eclipse/developer/toolchains/gnu_arm/10.3_2021.10/bin/../lib/gcc/arm-none-eabi/10.3.1/../../../../arm-none-eabi/lib/thumb/v8-m.main+fp/softfp/libc_nano.a
END GROUP
START GROUP
LOAD /Applications/Simplicity Studio.app/Contents/Eclipse/developer/toolchains/gnu_arm/10.3_2021.10/bin/../lib/gcc/arm-none-eabi/10.3.1/thumb/v8-m.main+fp/softfp/libgcc.a
LOAD /Applications/Simplicity Studio.app/Contents/Eclipse/developer/toolchains/gnu_arm/10.3_2021.10/bin/../lib/gcc/arm-none-eabi/10.3.1/../../../../arm-none-eabi/lib/thumb/v8-m.main+fp/softfp/libc_nano.a
END GROUP
LOAD /Applications/Simplicity Studio.app/Contents/Eclipse/developer/toolchains/gnu_arm/10.3_2021.10/bin/../lib/gcc/arm-none-eabi/10.3.1/thumb/v8-m.main+fp/softfp/crtend.o
LOAD /Applications/Simplicity Studio.app/Contents/Eclipse/developer/toolchains/gnu_arm/10.3_2021.10/bin/../lib/gcc/arm-none-eabi/10.3.1/thumb/v8-m.main+fp/softfp/crtn.o

.text           0x0000000000000000     0x5540
 *(.vectors)
 .vectors       0x0000000000000000      0x7c0 ./CMSIS/EFR32MG22/startup_efr32mg22.o
                0x0000000000000000                __Vectors
                0x00000000000007c0                __Vectors_End = .
                0x00000000000007c0                __Vectors_Size = (__Vectors_End - __Vectors)
                0x00000000200000f8                __end__ = .
 *(.text*)
 .text          0x00000000000007c0       0x40 /Applications/Simplicity Studio.app/Contents/Eclipse/developer/toolchains/gnu_arm/10.3_2021.10/bin/../lib/gcc/arm-none-eabi/10.3.1/thumb/v8-m.main+fp/softfp/crtbegin.o
 .text          0x0000000000000800       0x7c /Applications/Simplicity Studio.app/Contents/Eclipse/developer/toolchains/gnu_arm/10.3_2021.10/bin/../lib/gcc/arm-none-eabi/10.3.1/../../../../arm-none-eabi/lib/thumb/v8-m.main+fp/softfp/crt0.o
                0x0000000000000800                _stack_init
                0x0000000000000808                _mainCRTStartup
                0x0000000000000808                _start
 .text          0x000000000000087c       0x58 ./CMSIS/EFR32MG22/startup_efr32mg22.o
                0x000000000000087c                Reset_Handler
                0x00000000000008be                HardFault_Handler
                0x00000000000008c0                TIMER2_IRQHandler
                0x00000000000008c0                DebugMon_Handler
                0x00000000000008c0                USART0_TX_IRQHandler
                0x00000000000008c0                PKE_IRQHandler
                0x00000000000008c0                PRORTC_IRQHandler
                0x00000000000008c0                I2C0_IRQHandler
                0x00000000000008c0                LFXO_IRQHandler
                0x00000000000008c0                CRYPTOACC_IRQHandler
                0x00000000000008c0                SMU_SECURE_IRQHandler
                0x00000000000008c0                SysTick_Handler
                0x00000000000008c0                USART1_RX_IRQHandler
                0x00000000000008c0                EMUEFP_IRQHandler
                0x00000000000008c0                PendSV_Handler
                0x00000000000008c0                NMI_Handler
                0x00000000000008c0                SYNTH_IRQHandler
                0x00000000000008c0                HFXO0_IRQHandler
                0x00000000000008c0                I2C1_IRQHandler
                0x00000000000008c0                PDM_IRQHandler
                0x00000000000008c0                WDOG0_IRQHandler
                0x00000000000008c0                TIMER3_IRQHandler
                0x00000000000008c0                SYSCFG_IRQHandler
                0x00000000000008c0                EMUSE_IRQHandler
                0x00000000000008c0                EMUDG_IRQHandler
                0x00000000000008c0                USART1_TX_IRQHandler
                0x00000000000008c0                MSC_IRQHandler
                0x00000000000008c0                DPLL0_IRQHandler
                0x00000000000008c0                UsageFault_Handler
                0x00000000000008c0                M33CTI1_IRQHandler
                0x00000000000008c0                TIMER4_IRQHandler
                0x00000000000008c0                GPIO_EVEN_IRQHandler
                0x00000000000008c0                LDMA_IRQHandler
                0x00000000000008c0                SW0_IRQHandler
                0x00000000000008c0                TIMER0_IRQHandler
                0x00000000000008c0                LETIMER0_IRQHandler
                0x00000000000008c0                TIMER1_IRQHandler
                0x00000000000008c0                HFRCO0_IRQHandler
                0x00000000000008c0                RFSENSE_IRQHandler
                0x00000000000008c0                SecureFault_Handler
                0x00000000000008c0                BUFC_IRQHandler
                0x00000000000008c0                DCDC_IRQHandler
                0x00000000000008c0                MODEM_IRQHandler
                0x00000000000008c0                Default_Handler
                0x00000000000008c0                RAC_SEQ_IRQHandler
                0x00000000000008c0                FRC_PRI_IRQHandler
                0x00000000000008c0                SW3_IRQHandler
                0x00000000000008c0                EMU_IRQHandler
                0x00000000000008c0                KERNEL0_IRQHandler
                0x00000000000008c0                FRC_IRQHandler
                0x00000000000008c0                KERNEL1_IRQHandler
                0x00000000000008c0                AGC_IRQHandler
                0x00000000000008c0                sl_app_properties
                0x00000000000008c0                BURTC_IRQHandler
                0x00000000000008c0                LFRCO_IRQHandler
                0x00000000000008c0                USART0_RX_IRQHandler
                0x00000000000008c0                MemManage_Handler
                0x00000000000008c0                RDMAILBOX_IRQHandler
                0x00000000000008c0                SVC_Handler
                0x00000000000008c0                RTCC_IRQHandler
                0x00000000000008c0                SMU_S_PRIVILEGED_IRQHandler
                0x00000000000008c0                SW1_IRQHandler
                0x00000000000008c0                CMU_IRQHandler
                0x00000000000008c0                RAC_RSM_IRQHandler
                0x00000000000008c0                EUART0_TX_IRQHandler
                0x00000000000008c0                EUART0_RX_IRQHandler
                0x00000000000008c0                GPIO_ODD_IRQHandler
                0x00000000000008c0                AES_IRQHandler
                0x00000000000008c0                M33CTI0_IRQHandler
                0x00000000000008c0                ICACHE0_IRQHandler
                0x00000000000008c0                SMU_NS_PRIVILEGED_IRQHandler
                0x00000000000008c0                PROTIMER_IRQHandler
                0x00000000000008c0                BusFault_Handler
                0x00000000000008c0                ULFRCO_IRQHandler
                0x00000000000008c0                TRNG_IRQHandler
                0x00000000000008c0                SW2_IRQHandler
 .text.__NVIC_EnableIRQ
                0x00000000000008d4       0x3c ./CMSIS/EFR32MG22/system_efr32mg22.o
 .text.__NVIC_ClearPendingIRQ
                0x0000000000000910       0x3c ./CMSIS/EFR32MG22/system_efr32mg22.o
 .text.SystemInit
                0x000000000000094c       0x90 ./CMSIS/EFR32MG22/system_efr32mg22.o
                0x000000000000094c                SystemInit
 .text.SystemHFRCODPLLClockGet
                0x00000000000009dc       0x18 ./CMSIS/EFR32MG22/system_efr32mg22.o
                0x00000000000009dc                SystemHFRCODPLLClockGet
 .text.SystemSYSCLKGet
                0x00000000000009f4       0x50 ./CMSIS/EFR32MG22/system_efr32mg22.o
                0x00000000000009f4                SystemSYSCLKGet
 .text.SystemHCLKGet
                0x0000000000000a44       0x3c ./CMSIS/EFR32MG22/system_efr32mg22.o
                0x0000000000000a44                SystemHCLKGet
 .text.SystemMaxCoreClockGet
                0x0000000000000a80       0x14 ./CMSIS/EFR32MG22/system_efr32mg22.o
                0x0000000000000a80                SystemMaxCoreClockGet
 .text.SystemHFXOClockGet
                0x0000000000000a94       0x18 ./CMSIS/EFR32MG22/system_efr32mg22.o
                0x0000000000000a94                SystemHFXOClockGet
 .text.SystemCLKIN0Get
                0x0000000000000aac       0x10 ./CMSIS/EFR32MG22/system_efr32mg22.o
                0x0000000000000aac                SystemCLKIN0Get
 .text.SystemFSRCOClockGet
                0x0000000000000abc       0x14 ./CMSIS/EFR32MG22/system_efr32mg22.o
                0x0000000000000abc                SystemFSRCOClockGet
 .text.SystemLFRCOClockGet
                0x0000000000000ad0       0x12 ./CMSIS/EFR32MG22/system_efr32mg22.o
                0x0000000000000ad0                SystemLFRCOClockGet
 .text.SystemULFRCOClockGet
                0x0000000000000ae2       0x12 ./CMSIS/EFR32MG22/system_efr32mg22.o
                0x0000000000000ae2                SystemULFRCOClockGet
 .text.SystemLFXOClockGet
                0x0000000000000af4       0x18 ./CMSIS/EFR32MG22/system_efr32mg22.o
                0x0000000000000af4                SystemLFXOClockGet
 .text.SystemCoreClockGet
                0x0000000000000b0c        0xe ./emlib/em_cmu.o
 .text.BUS_RegBitWrite
                0x0000000000000b1a       0x3c ./emlib/em_cmu.o
 .text.BUS_RegBitRead
                0x0000000000000b56       0x24 ./emlib/em_cmu.o
 *fill*         0x0000000000000b7a        0x2 
 .text.EMU_VScaleWait
                0x0000000000000b7c       0x20 ./emlib/em_cmu.o
 .text.EMU_VScaleGet
                0x0000000000000b9c       0x20 ./emlib/em_cmu.o
 .text.SYSCFG_setSysTicExtClkEnCfgSysTic
                0x0000000000000bbc       0x20 ./emlib/em_cmu.o
 .text.SYSCFG_clearSysTicExtClkEnCfgSysTic
                0x0000000000000bdc       0x20 ./emlib/em_cmu.o
 .text.MSC_LockGetLocked
                0x0000000000000bfc       0x24 ./emlib/em_cmu.o
 .text.MSC_LockSetLocked
                0x0000000000000c20       0x18 ./emlib/em_cmu.o
 .text.MSC_LockSetUnlocked
                0x0000000000000c38       0x1c ./emlib/em_cmu.o
 .text.MSC_ReadCTRLGet
                0x0000000000000c54       0x18 ./emlib/em_cmu.o
 .text.MSC_ReadCTRLSet
                0x0000000000000c6c       0x20 ./emlib/em_cmu.o
 .text.CMU_ClockDivGet
                0x0000000000000c8c       0x9c ./emlib/em_cmu.o
                0x0000000000000c8c                CMU_ClockDivGet
 .text.CMU_ClockDivSet
                0x0000000000000d28      0x12c ./emlib/em_cmu.o
                0x0000000000000d28                CMU_ClockDivSet
 .text.CMU_ClockEnable
                0x0000000000000e54       0x60 ./emlib/em_cmu.o
                0x0000000000000e54                CMU_ClockEnable
 .text.CMU_ClockFreqGet
                0x0000000000000eb4      0x5cc ./emlib/em_cmu.o
                0x0000000000000eb4                CMU_ClockFreqGet
 .text.CMU_ClockSelectGet
                0x0000000000001480      0x2ac ./emlib/em_cmu.o
                0x0000000000001480                CMU_ClockSelectGet
 .text.CMU_ClockSelectSet
                0x000000000000172c      0x634 ./emlib/em_cmu.o
                0x000000000000172c                CMU_ClockSelectSet
 .text.CMU_UpdateWaitStates
                0x0000000000001d60       0x2a ./emlib/em_cmu.o
                0x0000000000001d60                CMU_UpdateWaitStates
 *fill*         0x0000000000001d8a        0x2 
 .text.em01GrpbClkGet
                0x0000000000001d8c       0xb0 ./emlib/em_cmu.o
 .text.euart0ClkGet
                0x0000000000001e3c       0x58 ./emlib/em_cmu.o
 .text.rhclkPrescMax
                0x0000000000001e94       0x20 ./emlib/em_cmu.o
 .text.rhclkPrescOptimize
                0x0000000000001eb4       0x2c ./emlib/em_cmu.o
 .text.traceClkGet
                0x0000000000001ee0       0x38 ./emlib/em_cmu.o
 .text.dpllRefClkGet
                0x0000000000001f18       0x88 ./emlib/em_cmu.o
 .text.em01GrpaClkGet
                0x0000000000001fa0       0x78 ./emlib/em_cmu.o
 .text.em23GrpaClkGet
                0x0000000000002018       0x78 ./emlib/em_cmu.o
 .text.em4GrpaClkGet
                0x0000000000002090       0x78 ./emlib/em_cmu.o
 .text.getWaitStatesByFrequencyAndVScale
                0x0000000000002108       0x58 ./emlib/em_cmu.o
 .text.flashWaitStateControl
                0x0000000000002160       0x6c ./emlib/em_cmu.o
 .text.iadcClkGet
                0x00000000000021cc       0x6c ./emlib/em_cmu.o
 .text.pclkDivMax
                0x0000000000002238       0x12 ./emlib/em_cmu.o
 *fill*         0x000000000000224a        0x2 
 .text.pclkDivOptimize
                0x000000000000224c       0x34 ./emlib/em_cmu.o
 .text.rtccClkGet
                0x0000000000002280       0x78 ./emlib/em_cmu.o
 .text.waitStateMax
                0x00000000000022f8       0x16 ./emlib/em_cmu.o
 *fill*         0x000000000000230e        0x2 
 .text.wdog0ClkGet
                0x0000000000002310       0x94 ./emlib/em_cmu.o
 .text.sysTickClkGet
                0x00000000000023a4       0x5c ./emlib/em_cmu.o
 .text.CORE_EnterCritical
                0x0000000000002400       0x22 ./emlib/em_core.o
                0x0000000000002400                CORE_EnterCritical
 .text.CORE_ExitCritical
                0x0000000000002422       0x1e ./emlib/em_core.o
                0x0000000000002422                CORE_ExitCritical
 .text.SystemCoreClockUpdate
                0x0000000000002440        0xc ./emlib/em_emu.o
 .text.BUS_RegBitRead
                0x000000000000244c       0x24 ./emlib/em_emu.o
 .text.EMU_VScaleWait
                0x0000000000002470       0x20 ./emlib/em_emu.o
 .text.EMU_VScaleGet
                0x0000000000002490       0x20 ./emlib/em_emu.o
 .text.vScaleEM01Cmd
                0x00000000000024b0       0x22 ./emlib/em_emu.o
 *fill*         0x00000000000024d2        0x2 
 .text.dpllState
                0x00000000000024d4       0xd0 ./emlib/em_emu.o
 .text.EMU_EM23PresleepHook
                0x00000000000025a4        0xe ./emlib/em_emu.o
                0x00000000000025a4                EMU_EM23PresleepHook
 .text.EMU_EFPEM23PresleepHook
                0x00000000000025b2        0xe ./emlib/em_emu.o
                0x00000000000025b2                EMU_EFPEM23PresleepHook
 .text.EMU_EM23PostsleepHook
                0x00000000000025c0        0xe ./emlib/em_emu.o
                0x00000000000025c0                EMU_EM23PostsleepHook
 .text.EMU_EFPEM23PostsleepHook
                0x00000000000025ce        0xe ./emlib/em_emu.o
                0x00000000000025ce                EMU_EFPEM23PostsleepHook
 .text.EMU_EnterEM2
                0x00000000000025dc       0x6c ./emlib/em_emu.o
                0x00000000000025dc                EMU_EnterEM2
 .text.EMU_EFPEM01VScale
                0x0000000000002648       0x16 ./emlib/em_emu.o
                0x0000000000002648                EMU_EFPEM01VScale
 *fill*         0x000000000000265e        0x2 
 .text.EMU_VScaleEM01ByClock
                0x0000000000002660       0x58 ./emlib/em_emu.o
                0x0000000000002660                EMU_VScaleEM01ByClock
 .text.EMU_VScaleEM01
                0x00000000000026b8       0xa4 ./emlib/em_emu.o
                0x00000000000026b8                EMU_VScaleEM01
 .text.BUS_RegMaskedWrite
                0x000000000000275c       0x36 ./emlib/em_gpio.o
 *fill*         0x0000000000002792        0x2 
 .text.GPIO_PinOutClear
                0x0000000000002794       0x50 ./emlib/em_gpio.o
 .text.GPIO_PinOutSet
                0x00000000000027e4       0x50 ./emlib/em_gpio.o
 .text.GPIO_PinModeSet
                0x0000000000002834       0xde ./emlib/em_gpio.o
                0x0000000000002834                GPIO_PinModeSet
 .text.IADC_pullSingleFifoData
                0x0000000000002912       0x18 ./emlib/em_iadc.o
 .text.IADC_readSingleData
                0x000000000000292a       0x18 ./emlib/em_iadc.o
 .text.IADC_pullScanFifoData
                0x0000000000002942       0x1a ./emlib/em_iadc.o
 .text.IADC_readScanData
                0x000000000000295c       0x1a ./emlib/em_iadc.o
 .text.IADC_clearInt
                0x0000000000002976       0x22 ./emlib/em_iadc.o
 .text.IADC_disableInt
                0x0000000000002998       0x22 ./emlib/em_iadc.o
 .text.IADC_command
                0x00000000000029ba       0x1c ./emlib/em_iadc.o
 .text.IADC_disable
                0x00000000000029d6       0x2e ./emlib/em_iadc.o
 .text.IADC_enable
                0x0000000000002a04       0x20 ./emlib/em_iadc.o
 .text.IADC_ConvertRawDataToResult
                0x0000000000002a24       0x76 ./emlib/em_iadc.o
 *fill*         0x0000000000002a9a        0x2 
 .text.IADC_init
                0x0000000000002a9c      0x66c ./emlib/em_iadc.o
                0x0000000000002a9c                IADC_init
 .text.IADC_initSingle
                0x0000000000003108       0xac ./emlib/em_iadc.o
                0x0000000000003108                IADC_initSingle
 .text.IADC_updateSingleInput
                0x00000000000031b4       0x70 ./emlib/em_iadc.o
                0x00000000000031b4                IADC_updateSingleInput
 .text.IADC_reset
                0x0000000000003224      0x158 ./emlib/em_iadc.o
                0x0000000000003224                IADC_reset
 .text.IADC_calcTimebase
                0x000000000000337c       0x8c ./emlib/em_iadc.o
                0x000000000000337c                IADC_calcTimebase
 .text.IADC_calcSrcClkPrescale
                0x0000000000003408       0x64 ./emlib/em_iadc.o
                0x0000000000003408                IADC_calcSrcClkPrescale
 .text.IADC_calcAdcClkPrescale
                0x000000000000346c       0x98 ./emlib/em_iadc.o
                0x000000000000346c                IADC_calcAdcClkPrescale
 .text.IADC_readSingleResult
                0x0000000000003504       0x2c ./emlib/em_iadc.o
                0x0000000000003504                IADC_readSingleResult
 .text.IADC_getReferenceVoltage
                0x0000000000003530       0x64 ./emlib/em_iadc.o
                0x0000000000003530                IADC_getReferenceVoltage
 .text.PRS_ConvertToSyncSource
                0x0000000000003594      0x130 ./emlib/em_prs.o
                0x0000000000003594                PRS_ConvertToSyncSource
 .text.PRS_ConvertToSyncSignal
                0x00000000000036c4       0xb4 ./emlib/em_prs.o
                0x00000000000036c4                PRS_ConvertToSyncSignal
 .text.PRS_SourceAsyncSignalSet
                0x0000000000003778       0x2a ./emlib/em_prs.o
                0x0000000000003778                PRS_SourceAsyncSignalSet
 *fill*         0x00000000000037a2        0x2 
 .text.PRS_ConnectSignal
                0x00000000000037a4       0x70 ./emlib/em_prs.o
                0x00000000000037a4                PRS_ConnectSignal
 .text.PRS_PinOutput
                0x0000000000003814       0x94 ./emlib/em_prs.o
                0x0000000000003814                PRS_PinOutput
 .text.SYSCFG_readChipRev
                0x00000000000038a8       0x18 ./emlib/em_system.o
 .text.SYSTEM_ChipRevisionGet
                0x00000000000038c0       0x50 ./emlib/em_system.o
                0x00000000000038c0                SYSTEM_ChipRevisionGet
 .text.__NVIC_EnableIRQ
                0x0000000000003910       0x3c ./src/main_single_oversampling_16bit.o
 .text.__NVIC_ClearPendingIRQ
                0x000000000000394c       0x3c ./src/main_single_oversampling_16bit.o
 .text.SYSTEM_GetProdRev
                0x0000000000003988       0x1c ./src/main_single_oversampling_16bit.o
 .text.CHIP_Init
                0x00000000000039a4       0x5c ./src/main_single_oversampling_16bit.o
 .text.IADC_clearInt
                0x0000000000003a00       0x22 ./src/main_single_oversampling_16bit.o
 .text.IADC_enableInt
                0x0000000000003a22       0x22 ./src/main_single_oversampling_16bit.o
 .text.IADC_command
                0x0000000000003a44       0x1c ./src/main_single_oversampling_16bit.o
 .text.initGPIO
                0x0000000000003a60       0x1c ./src/main_single_oversampling_16bit.o
                0x0000000000003a60                initGPIO
 .text.initPRS  0x0000000000003a7c       0x28 ./src/main_single_oversampling_16bit.o
                0x0000000000003a7c                initPRS
 .text.initIADC
                0x0000000000003aa4      0x110 ./src/main_single_oversampling_16bit.o
                0x0000000000003aa4                initIADC
 *fill*         0x0000000000003bb4        0x4 
 .text.IADC_IRQHandler
                0x0000000000003bb8       0x88 ./src/main_single_oversampling_16bit.o
                0x0000000000003bb8                IADC_IRQHandler
 .text.main     0x0000000000003c40       0x4c ./src/main_single_oversampling_16bit.o
                0x0000000000003c40                main
 .text          0x0000000000003c8c      0x378 /Applications/Simplicity Studio.app/Contents/Eclipse/developer/toolchains/gnu_arm/10.3_2021.10/bin/../lib/gcc/arm-none-eabi/10.3.1/thumb/v8-m.main+fp/softfp/libgcc.a(_arm_addsubdf3.o)
                0x0000000000003c8c                __aeabi_drsub
                0x0000000000003c94                __subdf3
                0x0000000000003c94                __aeabi_dsub
                0x0000000000003c98                __aeabi_dadd
                0x0000000000003c98                __adddf3
                0x0000000000003f10                __aeabi_ui2d
                0x0000000000003f10                __floatunsidf
                0x0000000000003f30                __floatsidf
                0x0000000000003f30                __aeabi_i2d
                0x0000000000003f54                __extendsfdf2
                0x0000000000003f54                __aeabi_f2d
                0x0000000000003f98                __aeabi_ul2d
                0x0000000000003f98                __floatundidf
                0x0000000000003fa8                __aeabi_l2d
                0x0000000000003fa8                __floatdidf
 .text          0x0000000000004004      0x424 /Applications/Simplicity Studio.app/Contents/Eclipse/developer/toolchains/gnu_arm/10.3_2021.10/bin/../lib/gcc/arm-none-eabi/10.3.1/thumb/v8-m.main+fp/softfp/libgcc.a(_arm_muldivdf3.o)
                0x0000000000004004                __aeabi_dmul
                0x0000000000004004                __muldf3
                0x0000000000004258                __aeabi_ddiv
                0x0000000000004258                __divdf3
 .text          0x0000000000004428      0xa44 /Applications/Simplicity Studio.app/Contents/Eclipse/developer/toolchains/gnu_arm/10.3_2021.10/bin/../lib/gcc/arm-none-eabi/10.3.1/thumb/v8-m.main+fp/softfp/libgcc.a(unwind-arm.o)
                0x00000000000046e8                _Unwind_GetCFA
                0x00000000000046ec                __gnu_Unwind_RaiseException
                0x0000000000004754                __gnu_Unwind_ForcedUnwind
                0x0000000000004768                __gnu_Unwind_Resume
                0x00000000000047ac                __gnu_Unwind_Resume_or_Rethrow
                0x00000000000047c0                _Unwind_Complete
                0x00000000000047c4                _Unwind_DeleteException
                0x00000000000047d0                _Unwind_VRS_Get
                0x000000000000481c                _Unwind_VRS_Set
                0x0000000000004868                __gnu_Unwind_Backtrace
                0x0000000000004bac                __aeabi_unwind_cpp_pr0
                0x0000000000004bb0                __aeabi_unwind_cpp_pr1
                0x0000000000004bb4                __aeabi_unwind_cpp_pr2
                0x0000000000004bb8                _Unwind_VRS_Pop
 .text          0x0000000000004e6c      0x1ac /Applications/Simplicity Studio.app/Contents/Eclipse/developer/toolchains/gnu_arm/10.3_2021.10/bin/../lib/gcc/arm-none-eabi/10.3.1/thumb/v8-m.main+fp/softfp/libgcc.a(libunwind.o)
                0x0000000000004e6c                __restore_core_regs
                0x0000000000004e6c                restore_core_regs
                0x0000000000004e84                __gnu_Unwind_Restore_VFP
                0x0000000000004e8c                __gnu_Unwind_Save_VFP
                0x0000000000004e94                __gnu_Unwind_Restore_VFP_D
                0x0000000000004e9c                __gnu_Unwind_Save_VFP_D
                0x0000000000004ea4                __gnu_Unwind_Restore_VFP_D_16_to_31
                0x0000000000004eac                __gnu_Unwind_Save_VFP_D_16_to_31
                0x0000000000004eb4                __gnu_Unwind_Restore_WMMXD
                0x0000000000004ef8                __gnu_Unwind_Save_WMMXD
                0x0000000000004f3c                __gnu_Unwind_Restore_WMMXC
                0x0000000000004f50                __gnu_Unwind_Save_WMMXC
                0x0000000000004f64                _Unwind_RaiseException
                0x0000000000004f64                ___Unwind_RaiseException
                0x0000000000004f88                ___Unwind_Resume
                0x0000000000004f88                _Unwind_Resume
                0x0000000000004fac                ___Unwind_Resume_or_Rethrow
                0x0000000000004fac                _Unwind_Resume_or_Rethrow
                0x0000000000004fd0                _Unwind_ForcedUnwind
                0x0000000000004fd0                ___Unwind_ForcedUnwind
                0x0000000000004ff4                _Unwind_Backtrace
                0x0000000000004ff4                ___Unwind_Backtrace
 .text          0x0000000000005018      0x374 /Applications/Simplicity Studio.app/Contents/Eclipse/developer/toolchains/gnu_arm/10.3_2021.10/bin/../lib/gcc/arm-none-eabi/10.3.1/thumb/v8-m.main+fp/softfp/libgcc.a(pr-support.o)
                0x0000000000005070                __gnu_unwind_execute
                0x000000000000533c                __gnu_unwind_frame
                0x000000000000536c                _Unwind_GetRegionStart
                0x0000000000005378                _Unwind_GetLanguageSpecificData
 .text.abort    0x000000000000538c        0xe /Applications/Simplicity Studio.app/Contents/Eclipse/developer/toolchains/gnu_arm/10.3_2021.10/bin/../lib/gcc/arm-none-eabi/10.3.1/../../../../arm-none-eabi/lib/thumb/v8-m.main+fp/softfp/libc_nano.a(lib_a-abort.o)
                0x000000000000538c                abort
 *fill*         0x000000000000539a        0x2 
 .text.exit     0x000000000000539c       0x28 /Applications/Simplicity Studio.app/Contents/Eclipse/developer/toolchains/gnu_arm/10.3_2021.10/bin/../lib/gcc/arm-none-eabi/10.3.1/../../../../arm-none-eabi/lib/thumb/v8-m.main+fp/softfp/libc_nano.a(lib_a-exit.o)
                0x000000000000539c                exit
 .text.__libc_init_array
                0x00000000000053c4       0x48 /Applications/Simplicity Studio.app/Contents/Eclipse/developer/toolchains/gnu_arm/10.3_2021.10/bin/../lib/gcc/arm-none-eabi/10.3.1/../../../../arm-none-eabi/lib/thumb/v8-m.main+fp/softfp/libc_nano.a(lib_a-init.o)
                0x00000000000053c4                __libc_init_array
 .text.memcpy   0x000000000000540c       0x1a /Applications/Simplicity Studio.app/Contents/Eclipse/developer/toolchains/gnu_arm/10.3_2021.10/bin/../lib/gcc/arm-none-eabi/10.3.1/../../../../arm-none-eabi/lib/thumb/v8-m.main+fp/softfp/libc_nano.a(lib_a-memcpy-stub.o)
                0x000000000000540c                memcpy
 .text.memset   0x0000000000005426       0x10 /Applications/Simplicity Studio.app/Contents/Eclipse/developer/toolchains/gnu_arm/10.3_2021.10/bin/../lib/gcc/arm-none-eabi/10.3.1/../../../../arm-none-eabi/lib/thumb/v8-m.main+fp/softfp/libc_nano.a(lib_a-memset.o)
                0x0000000000005426                memset
 .text._raise_r
                0x0000000000005436       0x50 /Applications/Simplicity Studio.app/Contents/Eclipse/developer/toolchains/gnu_arm/10.3_2021.10/bin/../lib/gcc/arm-none-eabi/10.3.1/../../../../arm-none-eabi/lib/thumb/v8-m.main+fp/softfp/libc_nano.a(lib_a-signal.o)
                0x0000000000005436                _raise_r
 *fill*         0x0000000000005486        0x2 
 .text.raise    0x0000000000005488       0x10 /Applications/Simplicity Studio.app/Contents/Eclipse/developer/toolchains/gnu_arm/10.3_2021.10/bin/../lib/gcc/arm-none-eabi/10.3.1/../../../../arm-none-eabi/lib/thumb/v8-m.main+fp/softfp/libc_nano.a(lib_a-signal.o)
                0x0000000000005488                raise
 .text._kill_r  0x0000000000005498       0x24 /Applications/Simplicity Studio.app/Contents/Eclipse/developer/toolchains/gnu_arm/10.3_2021.10/bin/../lib/gcc/arm-none-eabi/10.3.1/../../../../arm-none-eabi/lib/thumb/v8-m.main+fp/softfp/libc_nano.a(lib_a-signalr.o)
                0x0000000000005498                _kill_r
 .text._getpid_r
                0x00000000000054bc        0x4 /Applications/Simplicity Studio.app/Contents/Eclipse/developer/toolchains/gnu_arm/10.3_2021.10/bin/../lib/gcc/arm-none-eabi/10.3.1/../../../../arm-none-eabi/lib/thumb/v8-m.main+fp/softfp/libc_nano.a(lib_a-signalr.o)
                0x00000000000054bc                _getpid_r
 .text._getpid  0x00000000000054c0       0x10 /Applications/Simplicity Studio.app/Contents/Eclipse/developer/toolchains/gnu_arm/10.3_2021.10/bin/../lib/gcc/arm-none-eabi/10.3.1/../../../../arm-none-eabi/lib/thumb/v8-m.main+fp/softfp/libnosys.a(getpid.o)
                0x00000000000054c0                _getpid
 .text._kill    0x00000000000054d0       0x10 /Applications/Simplicity Studio.app/Contents/Eclipse/developer/toolchains/gnu_arm/10.3_2021.10/bin/../lib/gcc/arm-none-eabi/10.3.1/../../../../arm-none-eabi/lib/thumb/v8-m.main+fp/softfp/libnosys.a(kill.o)
                0x00000000000054d0                _kill
 .text._exit    0x00000000000054e0        0x4 /Applications/Simplicity Studio.app/Contents/Eclipse/developer/toolchains/gnu_arm/10.3_2021.10/bin/../lib/gcc/arm-none-eabi/10.3.1/../../../../arm-none-eabi/lib/thumb/v8-m.main+fp/softfp/libnosys.a(_exit.o)
                0x00000000000054e0                _exit
 *(.init)
 .init          0x00000000000054e4        0x4 /Applications/Simplicity Studio.app/Contents/Eclipse/developer/toolchains/gnu_arm/10.3_2021.10/bin/../lib/gcc/arm-none-eabi/10.3.1/thumb/v8-m.main+fp/softfp/crti.o
                0x00000000000054e4                _init
 .init          0x00000000000054e8        0x8 /Applications/Simplicity Studio.app/Contents/Eclipse/developer/toolchains/gnu_arm/10.3_2021.10/bin/../lib/gcc/arm-none-eabi/10.3.1/thumb/v8-m.main+fp/softfp/crtn.o
 *(.fini)
 .fini          0x00000000000054f0        0x4 /Applications/Simplicity Studio.app/Contents/Eclipse/developer/toolchains/gnu_arm/10.3_2021.10/bin/../lib/gcc/arm-none-eabi/10.3.1/thumb/v8-m.main+fp/softfp/crti.o
                0x00000000000054f0                _fini
 .fini          0x00000000000054f4        0x8 /Applications/Simplicity Studio.app/Contents/Eclipse/developer/toolchains/gnu_arm/10.3_2021.10/bin/../lib/gcc/arm-none-eabi/10.3.1/thumb/v8-m.main+fp/softfp/crtn.o
 *fill*         0x00000000000054fc        0x4 
 .fini.__stub   0x0000000000005500       0x10 linker stubs
 *crtbegin.o(.ctors)
 *crtbegin?.o(.ctors)
 *(EXCLUDE_FILE(*crtend.o *crtend?.o) .ctors)
 *(SORT_BY_NAME(.ctors.*))
 *(.ctors)
 *crtbegin.o(.dtors)
 *crtbegin?.o(.dtors)
 *(EXCLUDE_FILE(*crtend.o *crtend?.o) .dtors)
 *(SORT_BY_NAME(.dtors.*))
 *(.dtors)
 *(.rodata*)
 .rodata        0x0000000000005510       0x28 ./src/main_single_oversampling_16bit.o
 .rodata._global_impure_ptr
                0x0000000000005538        0x4 /Applications/Simplicity Studio.app/Contents/Eclipse/developer/toolchains/gnu_arm/10.3_2021.10/bin/../lib/gcc/arm-none-eabi/10.3.1/../../../../arm-none-eabi/lib/thumb/v8-m.main+fp/softfp/libc_nano.a(lib_a-impure.o)
                0x0000000000005538                _global_impure_ptr
 *(.eh_frame*)
 .eh_frame      0x000000000000553c        0x0 /Applications/Simplicity Studio.app/Contents/Eclipse/developer/toolchains/gnu_arm/10.3_2021.10/bin/../lib/gcc/arm-none-eabi/10.3.1/thumb/v8-m.main+fp/softfp/crtbegin.o
 .eh_frame      0x000000000000553c        0x4 /Applications/Simplicity Studio.app/Contents/Eclipse/developer/toolchains/gnu_arm/10.3_2021.10/bin/../lib/gcc/arm-none-eabi/10.3.1/thumb/v8-m.main+fp/softfp/crtend.o

.glue_7         0x0000000000005540        0x0
 .glue_7        0x0000000000005540        0x0 linker stubs

.glue_7t        0x0000000000005540        0x0
 .glue_7t       0x0000000000005540        0x0 linker stubs

.vfp11_veneer   0x0000000000005540        0x0
 .vfp11_veneer  0x0000000000005540        0x0 linker stubs

.v4_bx          0x0000000000005540        0x0
 .v4_bx         0x0000000000005540        0x0 linker stubs

.iplt           0x0000000000005540        0x0
 .iplt          0x0000000000005540        0x0 /Applications/Simplicity Studio.app/Contents/Eclipse/developer/toolchains/gnu_arm/10.3_2021.10/bin/../lib/gcc/arm-none-eabi/10.3.1/thumb/v8-m.main+fp/softfp/crtbegin.o

.ARM.extab      0x0000000000005540       0x18
 *(.ARM.extab* .gnu.linkonce.armextab.*)
 .ARM.extab     0x0000000000005540       0x18 /Applications/Simplicity Studio.app/Contents/Eclipse/developer/toolchains/gnu_arm/10.3_2021.10/bin/../lib/gcc/arm-none-eabi/10.3.1/thumb/v8-m.main+fp/softfp/libgcc.a(pr-support.o)
                0x0000000000005558                __exidx_start = .

.ARM.exidx      0x0000000000005558       0xc8
 *(.ARM.exidx* .gnu.linkonce.armexidx.*)
 .ARM.exidx     0x0000000000005558        0x8 /Applications/Simplicity Studio.app/Contents/Eclipse/developer/toolchains/gnu_arm/10.3_2021.10/bin/../lib/gcc/arm-none-eabi/10.3.1/../../../../arm-none-eabi/lib/thumb/v8-m.main+fp/softfp/crt0.o
                                         0x10 (size before relaxing)
 .ARM.exidx     0x0000000000005560       0x10 ./CMSIS/EFR32MG22/startup_efr32mg22.o
                                         0x18 (size before relaxing)
 .ARM.exidx     0x0000000000005570       0x78 /Applications/Simplicity Studio.app/Contents/Eclipse/developer/toolchains/gnu_arm/10.3_2021.10/bin/../lib/gcc/arm-none-eabi/10.3.1/thumb/v8-m.main+fp/softfp/libgcc.a(unwind-arm.o)
                                         0xd8 (size before relaxing)
 .ARM.exidx     0x00000000000055e8       0x38 /Applications/Simplicity Studio.app/Contents/Eclipse/developer/toolchains/gnu_arm/10.3_2021.10/bin/../lib/gcc/arm-none-eabi/10.3.1/thumb/v8-m.main+fp/softfp/libgcc.a(pr-support.o)
                0x0000000000005620                __exidx_end = .

.rel.dyn        0x0000000000005620        0x0
 .rel.iplt      0x0000000000005620        0x0 /Applications/Simplicity Studio.app/Contents/Eclipse/developer/toolchains/gnu_arm/10.3_2021.10/bin/../lib/gcc/arm-none-eabi/10.3.1/thumb/v8-m.main+fp/softfp/crtbegin.o

.copy.table     0x0000000000005620        0xc
                0x0000000000005620                . = ALIGN (0x4)
                0x0000000000005620                __copy_table_start__ = .
                0x0000000000005620        0x4 LONG 0x562c __etext
                0x0000000000005624        0x4 LONG 0x20000000 __data_start__
                0x0000000000005628        0x4 LONG 0x2d ((__data_end__ - __data_start__) / 0x4)
                0x000000000000562c                __copy_table_end__ = .

.zero.table     0x000000000000562c        0x0
                0x000000000000562c                . = ALIGN (0x4)
                0x000000000000562c                __zero_table_start__ = .
                0x000000000000562c                __zero_table_end__ = .
                0x000000000000562c                __etext = .

.data           0x0000000020000000       0xb4 load address 0x000000000000562c
                0x0000000020000000                __data_start__ = .
 *(vtable)
 *(.data*)
 .data.SystemHFXOClock
                0x0000000020000000        0x4 ./CMSIS/EFR32MG22/system_efr32mg22.o
 .data.SystemLFXOClock
                0x0000000020000004        0x4 ./CMSIS/EFR32MG22/system_efr32mg22.o
 .data.SystemHFRCODPLLClock
                0x0000000020000008        0x4 ./CMSIS/EFR32MG22/system_efr32mg22.o
 .data.SystemCoreClock
                0x000000002000000c        0x4 ./CMSIS/EFR32MG22/system_efr32mg22.o
                0x000000002000000c                SystemCoreClock
 .data._impure_ptr
                0x0000000020000010        0x4 /Applications/Simplicity Studio.app/Contents/Eclipse/developer/toolchains/gnu_arm/10.3_2021.10/bin/../lib/gcc/arm-none-eabi/10.3.1/../../../../arm-none-eabi/lib/thumb/v8-m.main+fp/softfp/libc_nano.a(lib_a-impure.o)
                0x0000000020000010                _impure_ptr
 .data.impure_data
                0x0000000020000014       0x60 /Applications/Simplicity Studio.app/Contents/Eclipse/developer/toolchains/gnu_arm/10.3_2021.10/bin/../lib/gcc/arm-none-eabi/10.3.1/../../../../arm-none-eabi/lib/thumb/v8-m.main+fp/softfp/libc_nano.a(lib_a-impure.o)
                0x0000000020000074                . = ALIGN (0x4)
                [!provide]                        PROVIDE (__ram_func_section_start = .)
 *(.ram)
 .ram           0x0000000020000074       0x38 ./emlib/em_emu.o
                [!provide]                        PROVIDE (__ram_func_section_end = .)
                0x00000000200000ac                . = ALIGN (0x4)
                0x00000000200000ac                PROVIDE (__preinit_array_start = .)
 *(.preinit_array)
                0x00000000200000ac                PROVIDE (__preinit_array_end = .)
                0x00000000200000ac                . = ALIGN (0x4)
                0x00000000200000ac                PROVIDE (__init_array_start = .)
 *(SORT_BY_NAME(.init_array.*))
 *(.init_array)
 .init_array    0x00000000200000ac        0x4 /Applications/Simplicity Studio.app/Contents/Eclipse/developer/toolchains/gnu_arm/10.3_2021.10/bin/../lib/gcc/arm-none-eabi/10.3.1/thumb/v8-m.main+fp/softfp/crtbegin.o
                0x00000000200000b0                PROVIDE (__init_array_end = .)
                0x00000000200000b0                . = ALIGN (0x4)
                [!provide]                        PROVIDE (__fini_array_start = .)
 *(SORT_BY_NAME(.fini_array.*))
 *(.fini_array)
 .fini_array    0x00000000200000b0        0x4 /Applications/Simplicity Studio.app/Contents/Eclipse/developer/toolchains/gnu_arm/10.3_2021.10/bin/../lib/gcc/arm-none-eabi/10.3.1/thumb/v8-m.main+fp/softfp/crtbegin.o
                [!provide]                        PROVIDE (__fini_array_end = .)
 *(.jcr*)
                0x00000000200000b4                . = ALIGN (0x4)
                0x00000000200000b4                __data_end__ = .

.igot.plt       0x00000000200000b4        0x0 load address 0x00000000000056e0
 .igot.plt      0x00000000200000b4        0x0 /Applications/Simplicity Studio.app/Contents/Eclipse/developer/toolchains/gnu_arm/10.3_2021.10/bin/../lib/gcc/arm-none-eabi/10.3.1/thumb/v8-m.main+fp/softfp/crtbegin.o

.bss            0x00000000200000b8       0x40 load address 0x00000000000056e8
                0x00000000200000b8                . = ALIGN (0x4)
                0x00000000200000b8                __bss_start__ = .
 *(.bss*)
 .bss           0x00000000200000b8       0x1c /Applications/Simplicity Studio.app/Contents/Eclipse/developer/toolchains/gnu_arm/10.3_2021.10/bin/../lib/gcc/arm-none-eabi/10.3.1/thumb/v8-m.main+fp/softfp/crtbegin.o
 .bss.vScaleEM01Config
                0x00000000200000d4        0x1 ./emlib/em_emu.o
 *fill*         0x00000000200000d5        0x3 
 .bss.dpllRefClk.0
                0x00000000200000d8        0x4 ./emlib/em_emu.o
 .bss.sample    0x00000000200000dc        0x8 ./src/main_single_oversampling_16bit.o
 *fill*         0x00000000200000e4        0x4 
 .bss.singleResult
                0x00000000200000e8        0x8 ./src/main_single_oversampling_16bit.o
 .bss._sample_flag
                0x00000000200000f0        0x1 ./src/main_single_oversampling_16bit.o
                0x00000000200000f0                _sample_flag
 *fill*         0x00000000200000f1        0x3 
 .bss.errno     0x00000000200000f4        0x4 /Applications/Simplicity Studio.app/Contents/Eclipse/developer/toolchains/gnu_arm/10.3_2021.10/bin/../lib/gcc/arm-none-eabi/10.3.1/../../../../arm-none-eabi/lib/thumb/v8-m.main+fp/softfp/libc_nano.a(lib_a-reent.o)
                0x00000000200000f4                errno
 *(COMMON)
                0x00000000200000f8                . = ALIGN (0x4)
                0x00000000200000f8                __bss_end__ = .

.heap           0x00000000200000f8      0xc00
                0x00000000200000f8                __HeapBase = .
                0x00000000200000f8                __end__ = .
                0x00000000200000f8                end = __end__
                0x00000000200000f8                _end = __end__
 *(.heap*)
 .heap          0x00000000200000f8      0xc00 ./CMSIS/EFR32MG22/startup_efr32mg22.o
                0x0000000020000cf8                __HeapLimit = .

.stack_dummy    0x0000000020000200      0x400
 *(.stack*)
 .stack         0x0000000020000200      0x400 ./CMSIS/EFR32MG22/startup_efr32mg22.o
                0x0000000020008000                __StackTop = (ORIGIN (RAM) + LENGTH (RAM))
                0x0000000020007c00                __StackLimit = (__StackTop - SIZEOF (.stack_dummy))
                0x0000000020008000                PROVIDE (__stack = __StackTop)
                0x0000000000000001                ASSERT ((__StackLimit >= __HeapLimit), region RAM overflowed with stack)
                0x0000000000000001                ASSERT ((LENGTH (FLASH) >= (__etext + SIZEOF (.data))), FLASH memory overflowed !)
OUTPUT(BRD4182A_EFR32MG22_iadc_single_oversampling_16bit.axf elf32-littlearm)
LOAD linker stubs

.ARM.attributes
                0x0000000000000000       0x34
 .ARM.attributes
                0x0000000000000000       0x22 /Applications/Simplicity Studio.app/Contents/Eclipse/developer/toolchains/gnu_arm/10.3_2021.10/bin/../lib/gcc/arm-none-eabi/10.3.1/thumb/v8-m.main+fp/softfp/crti.o
 .ARM.attributes
                0x0000000000000022       0x36 /Applications/Simplicity Studio.app/Contents/Eclipse/developer/toolchains/gnu_arm/10.3_2021.10/bin/../lib/gcc/arm-none-eabi/10.3.1/thumb/v8-m.main+fp/softfp/crtbegin.o
 .ARM.attributes
                0x0000000000000058       0x20 /Applications/Simplicity Studio.app/Contents/Eclipse/developer/toolchains/gnu_arm/10.3_2021.10/bin/../lib/gcc/arm-none-eabi/10.3.1/../../../../arm-none-eabi/lib/thumb/v8-m.main+fp/softfp/crt0.o
 .ARM.attributes
                0x0000000000000078       0x24 ./CMSIS/EFR32MG22/startup_efr32mg22.o
 .ARM.attributes
                0x000000000000009c       0x38 ./CMSIS/EFR32MG22/system_efr32mg22.o
 .ARM.attributes
                0x00000000000000d4       0x38 ./emlib/em_cmu.o
 .ARM.attributes
                0x000000000000010c       0x38 ./emlib/em_core.o
 .ARM.attributes
                0x0000000000000144       0x38 ./emlib/em_emu.o
 .ARM.attributes
                0x000000000000017c       0x38 ./emlib/em_gpio.o
 .ARM.attributes
                0x00000000000001b4       0x38 ./emlib/em_iadc.o
 .ARM.attributes
                0x00000000000001ec       0x38 ./emlib/em_prs.o
 .ARM.attributes
                0x0000000000000224       0x38 ./emlib/em_system.o
 .ARM.attributes
                0x000000000000025c       0x38 ./src/main_single_oversampling_16bit.o
 .ARM.attributes
                0x0000000000000294       0x22 /Applications/Simplicity Studio.app/Contents/Eclipse/developer/toolchains/gnu_arm/10.3_2021.10/bin/../lib/gcc/arm-none-eabi/10.3.1/thumb/v8-m.main+fp/softfp/libgcc.a(_arm_addsubdf3.o)
 .ARM.attributes
                0x00000000000002b6       0x22 /Applications/Simplicity Studio.app/Contents/Eclipse/developer/toolchains/gnu_arm/10.3_2021.10/bin/../lib/gcc/arm-none-eabi/10.3.1/thumb/v8-m.main+fp/softfp/libgcc.a(_arm_muldivdf3.o)
 .ARM.attributes
                0x00000000000002d8       0x36 /Applications/Simplicity Studio.app/Contents/Eclipse/developer/toolchains/gnu_arm/10.3_2021.10/bin/../lib/gcc/arm-none-eabi/10.3.1/thumb/v8-m.main+fp/softfp/libgcc.a(unwind-arm.o)
 .ARM.attributes
                0x000000000000030e       0x22 /Applications/Simplicity Studio.app/Contents/Eclipse/developer/toolchains/gnu_arm/10.3_2021.10/bin/../lib/gcc/arm-none-eabi/10.3.1/thumb/v8-m.main+fp/softfp/libgcc.a(libunwind.o)
 .ARM.attributes
                0x0000000000000330       0x36 /Applications/Simplicity Studio.app/Contents/Eclipse/developer/toolchains/gnu_arm/10.3_2021.10/bin/../lib/gcc/arm-none-eabi/10.3.1/thumb/v8-m.main+fp/softfp/libgcc.a(pr-support.o)
 .ARM.attributes
                0x0000000000000366       0x36 /Applications/Simplicity Studio.app/Contents/Eclipse/developer/toolchains/gnu_arm/10.3_2021.10/bin/../lib/gcc/arm-none-eabi/10.3.1/../../../../arm-none-eabi/lib/thumb/v8-m.main+fp/softfp/libc_nano.a(lib_a-abort.o)
 .ARM.attributes
                0x000000000000039c       0x36 /Applications/Simplicity Studio.app/Contents/Eclipse/developer/toolchains/gnu_arm/10.3_2021.10/bin/../lib/gcc/arm-none-eabi/10.3.1/../../../../arm-none-eabi/lib/thumb/v8-m.main+fp/softfp/libc_nano.a(lib_a-exit.o)
 .ARM.attributes
                0x00000000000003d2       0x36 /Applications/Simplicity Studio.app/Contents/Eclipse/developer/toolchains/gnu_arm/10.3_2021.10/bin/../lib/gcc/arm-none-eabi/10.3.1/../../../../arm-none-eabi/lib/thumb/v8-m.main+fp/softfp/libc_nano.a(lib_a-impure.o)
 .ARM.attributes
                0x0000000000000408       0x36 /Applications/Simplicity Studio.app/Contents/Eclipse/developer/toolchains/gnu_arm/10.3_2021.10/bin/../lib/gcc/arm-none-eabi/10.3.1/../../../../arm-none-eabi/lib/thumb/v8-m.main+fp/softfp/libc_nano.a(lib_a-init.o)
 .ARM.attributes
                0x000000000000043e       0x36 /Applications/Simplicity Studio.app/Contents/Eclipse/developer/toolchains/gnu_arm/10.3_2021.10/bin/../lib/gcc/arm-none-eabi/10.3.1/../../../../arm-none-eabi/lib/thumb/v8-m.main+fp/softfp/libc_nano.a(lib_a-memcpy-stub.o)
 .ARM.attributes
                0x0000000000000474       0x36 /Applications/Simplicity Studio.app/Contents/Eclipse/developer/toolchains/gnu_arm/10.3_2021.10/bin/../lib/gcc/arm-none-eabi/10.3.1/../../../../arm-none-eabi/lib/thumb/v8-m.main+fp/softfp/libc_nano.a(lib_a-memset.o)
 .ARM.attributes
                0x00000000000004aa       0x36 /Applications/Simplicity Studio.app/Contents/Eclipse/developer/toolchains/gnu_arm/10.3_2021.10/bin/../lib/gcc/arm-none-eabi/10.3.1/../../../../arm-none-eabi/lib/thumb/v8-m.main+fp/softfp/libc_nano.a(lib_a-signal.o)
 .ARM.attributes
                0x00000000000004e0       0x36 /Applications/Simplicity Studio.app/Contents/Eclipse/developer/toolchains/gnu_arm/10.3_2021.10/bin/../lib/gcc/arm-none-eabi/10.3.1/../../../../arm-none-eabi/lib/thumb/v8-m.main+fp/softfp/libc_nano.a(lib_a-signalr.o)
 .ARM.attributes
                0x0000000000000516       0x36 /Applications/Simplicity Studio.app/Contents/Eclipse/developer/toolchains/gnu_arm/10.3_2021.10/bin/../lib/gcc/arm-none-eabi/10.3.1/../../../../arm-none-eabi/lib/thumb/v8-m.main+fp/softfp/libc_nano.a(lib_a-reent.o)
 .ARM.attributes
                0x000000000000054c       0x36 /Applications/Simplicity Studio.app/Contents/Eclipse/developer/toolchains/gnu_arm/10.3_2021.10/bin/../lib/gcc/arm-none-eabi/10.3.1/../../../../arm-none-eabi/lib/thumb/v8-m.main+fp/softfp/libnosys.a(getpid.o)
 .ARM.attributes
                0x0000000000000582       0x36 /Applications/Simplicity Studio.app/Contents/Eclipse/developer/toolchains/gnu_arm/10.3_2021.10/bin/../lib/gcc/arm-none-eabi/10.3.1/../../../../arm-none-eabi/lib/thumb/v8-m.main+fp/softfp/libnosys.a(kill.o)
 .ARM.attributes
                0x00000000000005b8       0x36 /Applications/Simplicity Studio.app/Contents/Eclipse/developer/toolchains/gnu_arm/10.3_2021.10/bin/../lib/gcc/arm-none-eabi/10.3.1/../../../../arm-none-eabi/lib/thumb/v8-m.main+fp/softfp/libnosys.a(_exit.o)
 .ARM.attributes
                0x00000000000005ee       0x36 /Applications/Simplicity Studio.app/Contents/Eclipse/developer/toolchains/gnu_arm/10.3_2021.10/bin/../lib/gcc/arm-none-eabi/10.3.1/thumb/v8-m.main+fp/softfp/crtend.o
 .ARM.attributes
                0x0000000000000624       0x22 /Applications/Simplicity Studio.app/Contents/Eclipse/developer/toolchains/gnu_arm/10.3_2021.10/bin/../lib/gcc/arm-none-eabi/10.3.1/thumb/v8-m.main+fp/softfp/crtn.o

.comment        0x0000000000000000       0x49
 .comment       0x0000000000000000       0x49 ./CMSIS/EFR32MG22/system_efr32mg22.o
                                         0x4a (size before relaxing)
 .comment       0x0000000000000049       0x4a ./emlib/em_cmu.o
 .comment       0x0000000000000049       0x4a ./emlib/em_core.o
 .comment       0x0000000000000049       0x4a ./emlib/em_emu.o
 .comment       0x0000000000000049       0x4a ./emlib/em_gpio.o
 .comment       0x0000000000000049       0x4a ./emlib/em_iadc.o
 .comment       0x0000000000000049       0x4a ./emlib/em_prs.o
 .comment       0x0000000000000049       0x4a ./emlib/em_system.o
 .comment       0x0000000000000049       0x4a ./src/main_single_oversampling_16bit.o

.debug_line     0x0000000000000000     0x87bf
 .debug_line    0x0000000000000000       0xce ./CMSIS/EFR32MG22/startup_efr32mg22.o
 .debug_line    0x00000000000000ce      0x997 ./CMSIS/EFR32MG22/system_efr32mg22.o
 .debug_line    0x0000000000000a65     0x20fa ./emlib/em_cmu.o
 .debug_line    0x0000000000002b5f      0xd72 ./emlib/em_core.o
 .debug_line    0x00000000000038d1     0x11ba ./emlib/em_emu.o
 .debug_line    0x0000000000004a8b      0xb47 ./emlib/em_gpio.o
 .debug_line    0x00000000000055d2     0x1394 ./emlib/em_iadc.o
 .debug_line    0x0000000000006966      0xad1 ./emlib/em_prs.o
 .debug_line    0x0000000000007437      0x8d6 ./emlib/em_system.o
 .debug_line    0x0000000000007d0d      0xab2 ./src/main_single_oversampling_16bit.o

.debug_info     0x0000000000000000    0x191d7
 .debug_info    0x0000000000000000       0x26 ./CMSIS/EFR32MG22/startup_efr32mg22.o
 .debug_info    0x0000000000000026     0x1f5d ./CMSIS/EFR32MG22/system_efr32mg22.o
 .debug_info    0x0000000000001f83     0x6020 ./emlib/em_cmu.o
 .debug_info    0x0000000000007fa3      0xff7 ./emlib/em_core.o
 .debug_info    0x0000000000008f9a     0x3484 ./emlib/em_emu.o
 .debug_info    0x000000000000c41e     0x1dac ./emlib/em_gpio.o
 .debug_info    0x000000000000e1ca     0x21d4 ./emlib/em_iadc.o
 .debug_info    0x000000000001039e     0x3153 ./emlib/em_prs.o
 .debug_info    0x00000000000134f1     0x19ba ./emlib/em_system.o
 .debug_info    0x0000000000014eab     0x432c ./src/main_single_oversampling_16bit.o

.debug_abbrev   0x0000000000000000     0x17b1
 .debug_abbrev  0x0000000000000000       0x14 ./CMSIS/EFR32MG22/startup_efr32mg22.o
 .debug_abbrev  0x0000000000000014      0x28f ./CMSIS/EFR32MG22/system_efr32mg22.o
 .debug_abbrev  0x00000000000002a3      0x3d5 ./emlib/em_cmu.o
 .debug_abbrev  0x0000000000000678      0x260 ./emlib/em_core.o
 .debug_abbrev  0x00000000000008d8      0x36e ./emlib/em_emu.o
 .debug_abbrev  0x0000000000000c46      0x223 ./emlib/em_gpio.o
 .debug_abbrev  0x0000000000000e69      0x2ad ./emlib/em_iadc.o
 .debug_abbrev  0x0000000000001116      0x216 ./emlib/em_prs.o
 .debug_abbrev  0x000000000000132c      0x1cb ./emlib/em_system.o
 .debug_abbrev  0x00000000000014f7      0x2ba ./src/main_single_oversampling_16bit.o

.debug_aranges  0x0000000000000000      0x7d8
 .debug_aranges
                0x0000000000000000       0x20 ./CMSIS/EFR32MG22/startup_efr32mg22.o
 .debug_aranges
                0x0000000000000020       0x98 ./CMSIS/EFR32MG22/system_efr32mg22.o
 .debug_aranges
                0x00000000000000b8      0x228 ./emlib/em_cmu.o
 .debug_aranges
                0x00000000000002e0       0xe8 ./emlib/em_core.o
 .debug_aranges
                0x00000000000003c8      0x188 ./emlib/em_emu.o
 .debug_aranges
                0x0000000000000550       0x78 ./emlib/em_gpio.o
 .debug_aranges
                0x00000000000005c8       0xe0 ./emlib/em_iadc.o
 .debug_aranges
                0x00000000000006a8       0x70 ./emlib/em_prs.o
 .debug_aranges
                0x0000000000000718       0x40 ./emlib/em_system.o
 .debug_aranges
                0x0000000000000758       0x80 ./src/main_single_oversampling_16bit.o

.debug_str      0x0000000000000000    0xd5b03
 .debug_str     0x0000000000000000       0xf3 ./CMSIS/EFR32MG22/startup_efr32mg22.o
 .debug_str     0x00000000000000f3    0xc485b ./CMSIS/EFR32MG22/system_efr32mg22.o
                                      0xc5165 (size before relaxing)
 .debug_str     0x00000000000c494e     0xaa18 ./emlib/em_cmu.o
                                      0xcf378 (size before relaxing)
 .debug_str     0x00000000000cf366      0x357 ./emlib/em_core.o
                                      0xc51e8 (size before relaxing)
 .debug_str     0x00000000000cf6bd      0xaa6 ./emlib/em_emu.o
                                      0xcd7ba (size before relaxing)
 .debug_str     0x00000000000d0163      0x20e ./emlib/em_gpio.o
                                      0xc636b (size before relaxing)
 .debug_str     0x00000000000d0371     0x2150 ./emlib/em_iadc.o
                                      0xcc307 (size before relaxing)
 .debug_str     0x00000000000d24c1     0x314e ./emlib/em_prs.o
                                      0xc9157 (size before relaxing)
 .debug_str     0x00000000000d560f      0x22c ./emlib/em_system.o
                                      0xc5193 (size before relaxing)
 .debug_str     0x00000000000d583b      0x2c8 ./src/main_single_oversampling_16bit.o
                                      0xcdbce (size before relaxing)

.debug_loc      0x0000000000000000     0x433a
 .debug_loc     0x0000000000000000      0x4ac ./CMSIS/EFR32MG22/system_efr32mg22.o
 .debug_loc     0x00000000000004ac     0x136a ./emlib/em_cmu.o
 .debug_loc     0x0000000000001816      0x88c ./emlib/em_core.o
 .debug_loc     0x00000000000020a2      0xd04 ./emlib/em_emu.o
 .debug_loc     0x0000000000002da6      0x414 ./emlib/em_gpio.o
 .debug_loc     0x00000000000031ba      0x84a ./emlib/em_iadc.o
 .debug_loc     0x0000000000003a04      0x3d0 ./emlib/em_prs.o
 .debug_loc     0x0000000000003dd4      0x184 ./emlib/em_system.o
 .debug_loc     0x0000000000003f58      0x3e2 ./src/main_single_oversampling_16bit.o

.debug_ranges   0x0000000000000000      0x728
 .debug_ranges  0x0000000000000000       0x88 ./CMSIS/EFR32MG22/system_efr32mg22.o
 .debug_ranges  0x0000000000000088      0x218 ./emlib/em_cmu.o
 .debug_ranges  0x00000000000002a0       0xd8 ./emlib/em_core.o
 .debug_ranges  0x0000000000000378      0x178 ./emlib/em_emu.o
 .debug_ranges  0x00000000000004f0       0x68 ./emlib/em_gpio.o
 .debug_ranges  0x0000000000000558       0xd0 ./emlib/em_iadc.o
 .debug_ranges  0x0000000000000628       0x60 ./emlib/em_prs.o
 .debug_ranges  0x0000000000000688       0x30 ./emlib/em_system.o
 .debug_ranges  0x00000000000006b8       0x70 ./src/main_single_oversampling_16bit.o

.debug_macro    0x0000000000000000    0x21385
 .debug_macro   0x0000000000000000      0x26f ./CMSIS/EFR32MG22/system_efr32mg22.o
 .debug_macro   0x000000000000026f      0xa6c ./CMSIS/EFR32MG22/system_efr32mg22.o
 .debug_macro   0x0000000000000cdb       0x22 ./CMSIS/EFR32MG22/system_efr32mg22.o
 .debug_macro   0x0000000000000cfd       0x56 ./CMSIS/EFR32MG22/system_efr32mg22.o
 .debug_macro   0x0000000000000d53       0x51 ./CMSIS/EFR32MG22/system_efr32mg22.o
 .debug_macro   0x0000000000000da4      0x103 ./CMSIS/EFR32MG22/system_efr32mg22.o
 .debug_macro   0x0000000000000ea7       0x6a ./CMSIS/EFR32MG22/system_efr32mg22.o
 .debug_macro   0x0000000000000f11      0x1df ./CMSIS/EFR32MG22/system_efr32mg22.o
 .debug_macro   0x00000000000010f0      0x765 ./CMSIS/EFR32MG22/system_efr32mg22.o
 .debug_macro   0x0000000000001855       0x1c ./CMSIS/EFR32MG22/system_efr32mg22.o
 .debug_macro   0x0000000000001871       0x29 ./CMSIS/EFR32MG22/system_efr32mg22.o
 .debug_macro   0x000000000000189a      0x110 ./CMSIS/EFR32MG22/system_efr32mg22.o
 .debug_macro   0x00000000000019aa     0x17ea ./CMSIS/EFR32MG22/system_efr32mg22.o
 .debug_macro   0x0000000000003194       0x5e ./CMSIS/EFR32MG22/system_efr32mg22.o
 .debug_macro   0x00000000000031f2       0x16 ./CMSIS/EFR32MG22/system_efr32mg22.o
 .debug_macro   0x0000000000003208      0xe4f ./CMSIS/EFR32MG22/system_efr32mg22.o
 .debug_macro   0x0000000000004057     0x12bd ./CMSIS/EFR32MG22/system_efr32mg22.o
 .debug_macro   0x0000000000005314      0x87c ./CMSIS/EFR32MG22/system_efr32mg22.o
 .debug_macro   0x0000000000005b90      0x300 ./CMSIS/EFR32MG22/system_efr32mg22.o
 .debug_macro   0x0000000000005e90       0x34 ./CMSIS/EFR32MG22/system_efr32mg22.o
 .debug_macro   0x0000000000005ec4      0x304 ./CMSIS/EFR32MG22/system_efr32mg22.o
 .debug_macro   0x00000000000061c8      0x456 ./CMSIS/EFR32MG22/system_efr32mg22.o
 .debug_macro   0x000000000000661e      0x4a1 ./CMSIS/EFR32MG22/system_efr32mg22.o
 .debug_macro   0x0000000000006abf      0x156 ./CMSIS/EFR32MG22/system_efr32mg22.o
 .debug_macro   0x0000000000006c15      0x764 ./CMSIS/EFR32MG22/system_efr32mg22.o
 .debug_macro   0x0000000000007379      0x363 ./CMSIS/EFR32MG22/system_efr32mg22.o
 .debug_macro   0x00000000000076dc     0x14f4 ./CMSIS/EFR32MG22/system_efr32mg22.o
 .debug_macro   0x0000000000008bd0       0x10 ./CMSIS/EFR32MG22/system_efr32mg22.o
 .debug_macro   0x0000000000008be0      0x997 ./CMSIS/EFR32MG22/system_efr32mg22.o
 .debug_macro   0x0000000000009577     0x2b9a ./CMSIS/EFR32MG22/system_efr32mg22.o
 .debug_macro   0x000000000000c111      0xcb2 ./CMSIS/EFR32MG22/system_efr32mg22.o
 .debug_macro   0x000000000000cdc3       0x4c ./CMSIS/EFR32MG22/system_efr32mg22.o
 .debug_macro   0x000000000000ce0f     0x15b8 ./CMSIS/EFR32MG22/system_efr32mg22.o
 .debug_macro   0x000000000000e3c7     0x210a ./CMSIS/EFR32MG22/system_efr32mg22.o
 .debug_macro   0x00000000000104d1      0x53c ./CMSIS/EFR32MG22/system_efr32mg22.o
 .debug_macro   0x0000000000010a0d      0xfe5 ./CMSIS/EFR32MG22/system_efr32mg22.o
 .debug_macro   0x00000000000119f2      0x955 ./CMSIS/EFR32MG22/system_efr32mg22.o
 .debug_macro   0x0000000000012347       0x34 ./CMSIS/EFR32MG22/system_efr32mg22.o
 .debug_macro   0x000000000001237b      0x308 ./CMSIS/EFR32MG22/system_efr32mg22.o
 .debug_macro   0x0000000000012683      0x6a7 ./CMSIS/EFR32MG22/system_efr32mg22.o
 .debug_macro   0x0000000000012d2a      0x618 ./CMSIS/EFR32MG22/system_efr32mg22.o
 .debug_macro   0x0000000000013342      0x91e ./CMSIS/EFR32MG22/system_efr32mg22.o
 .debug_macro   0x0000000000013c60     0x1b1b ./CMSIS/EFR32MG22/system_efr32mg22.o
 .debug_macro   0x000000000001577b      0x76b ./CMSIS/EFR32MG22/system_efr32mg22.o
 .debug_macro   0x0000000000015ee6      0x8f3 ./CMSIS/EFR32MG22/system_efr32mg22.o
 .debug_macro   0x00000000000167d9     0x14b5 ./CMSIS/EFR32MG22/system_efr32mg22.o
 .debug_macro   0x0000000000017c8e      0x688 ./CMSIS/EFR32MG22/system_efr32mg22.o
 .debug_macro   0x0000000000018316     0x141b ./CMSIS/EFR32MG22/system_efr32mg22.o
 .debug_macro   0x0000000000019731     0x15c0 ./CMSIS/EFR32MG22/system_efr32mg22.o
 .debug_macro   0x000000000001acf1     0x1384 ./CMSIS/EFR32MG22/system_efr32mg22.o
 .debug_macro   0x000000000001c075     0x155c ./CMSIS/EFR32MG22/system_efr32mg22.o
 .debug_macro   0x000000000001d5d1      0x2d0 ./CMSIS/EFR32MG22/system_efr32mg22.o
 .debug_macro   0x000000000001d8a1      0xecf ./CMSIS/EFR32MG22/system_efr32mg22.o
 .debug_macro   0x000000000001e770      0x3ac ./emlib/em_cmu.o
 .debug_macro   0x000000000001eb1c       0x22 ./emlib/em_cmu.o
 .debug_macro   0x000000000001eb3e       0x10 ./emlib/em_cmu.o
 .debug_macro   0x000000000001eb4e       0x94 ./emlib/em_cmu.o
 .debug_macro   0x000000000001ebe2       0xfc ./emlib/em_cmu.o
 .debug_macro   0x000000000001ecde      0x307 ./emlib/em_cmu.o
 .debug_macro   0x000000000001efe5       0x16 ./emlib/em_cmu.o
 .debug_macro   0x000000000001effb       0xd6 ./emlib/em_cmu.o
 .debug_macro   0x000000000001f0d1      0x267 ./emlib/em_cmu.o
 .debug_macro   0x000000000001f338      0x122 ./emlib/em_cmu.o
 .debug_macro   0x000000000001f45a      0x16d ./emlib/em_cmu.o
 .debug_macro   0x000000000001f5c7       0x64 ./emlib/em_cmu.o
 .debug_macro   0x000000000001f62b      0x35d ./emlib/em_cmu.o
 .debug_macro   0x000000000001f988       0x7c ./emlib/em_cmu.o
 .debug_macro   0x000000000001fa04       0x17 ./emlib/em_cmu.o
 .debug_macro   0x000000000001fa1b       0xee ./emlib/em_cmu.o
 .debug_macro   0x000000000001fb09       0x3f ./emlib/em_cmu.o
 .debug_macro   0x000000000001fb48       0xdc ./emlib/em_cmu.o
 .debug_macro   0x000000000001fc24       0x34 ./emlib/em_cmu.o
 .debug_macro   0x000000000001fc58       0x43 ./emlib/em_cmu.o
 .debug_macro   0x000000000001fc9b      0x281 ./emlib/em_core.o
 .debug_macro   0x000000000001ff1c      0x35f ./emlib/em_emu.o
 .debug_macro   0x000000000002027b       0x5e ./emlib/em_emu.o
 .debug_macro   0x00000000000202d9       0x5c ./emlib/em_emu.o
 .debug_macro   0x0000000000020335       0x39 ./emlib/em_emu.o
 .debug_macro   0x000000000002036e      0x2a1 ./emlib/em_gpio.o
 .debug_macro   0x000000000002060f      0x332 ./emlib/em_iadc.o
 .debug_macro   0x0000000000020941       0x3c ./emlib/em_iadc.o
 .debug_macro   0x000000000002097d      0x2e9 ./emlib/em_prs.o
 .debug_macro   0x0000000000020c66       0x1c ./emlib/em_prs.o
 .debug_macro   0x0000000000020c82      0x280 ./emlib/em_system.o
 .debug_macro   0x0000000000020f02      0x32d ./src/main_single_oversampling_16bit.o
 .debug_macro   0x000000000002122f      0x102 ./src/main_single_oversampling_16bit.o
 .debug_macro   0x0000000000021331       0x12 ./src/main_single_oversampling_16bit.o
 .debug_macro   0x0000000000021343       0x42 ./src/main_single_oversampling_16bit.o

.debug_frame    0x0000000000000000     0x26ec
 .debug_frame   0x0000000000000000      0x238 ./CMSIS/EFR32MG22/system_efr32mg22.o
 .debug_frame   0x0000000000000238      0x92c ./emlib/em_cmu.o
 .debug_frame   0x0000000000000b64      0x3dc ./emlib/em_core.o
 .debug_frame   0x0000000000000f40      0x63c ./emlib/em_emu.o
 .debug_frame   0x000000000000157c      0x1dc ./emlib/em_gpio.o
 .debug_frame   0x0000000000001758      0x3c0 ./emlib/em_iadc.o
 .debug_frame   0x0000000000001b18      0x1bc ./emlib/em_prs.o
 .debug_frame   0x0000000000001cd4       0xc0 ./emlib/em_system.o
 .debug_frame   0x0000000000001d94      0x1ec ./src/main_single_oversampling_16bit.o
 .debug_frame   0x0000000000001f80       0xac /Applications/Simplicity Studio.app/Contents/Eclipse/developer/toolchains/gnu_arm/10.3_2021.10/bin/../lib/gcc/arm-none-eabi/10.3.1/thumb/v8-m.main+fp/softfp/libgcc.a(_arm_addsubdf3.o)
 .debug_frame   0x000000000000202c       0x50 /Applications/Simplicity Studio.app/Contents/Eclipse/developer/toolchains/gnu_arm/10.3_2021.10/bin/../lib/gcc/arm-none-eabi/10.3.1/thumb/v8-m.main+fp/softfp/libgcc.a(_arm_muldivdf3.o)
 .debug_frame   0x000000000000207c      0x2e4 /Applications/Simplicity Studio.app/Contents/Eclipse/developer/toolchains/gnu_arm/10.3_2021.10/bin/../lib/gcc/arm-none-eabi/10.3.1/thumb/v8-m.main+fp/softfp/libgcc.a(unwind-arm.o)
 .debug_frame   0x0000000000002360      0x104 /Applications/Simplicity Studio.app/Contents/Eclipse/developer/toolchains/gnu_arm/10.3_2021.10/bin/../lib/gcc/arm-none-eabi/10.3.1/thumb/v8-m.main+fp/softfp/libgcc.a(pr-support.o)
 .debug_frame   0x0000000000002464       0x28 /Applications/Simplicity Studio.app/Contents/Eclipse/developer/toolchains/gnu_arm/10.3_2021.10/bin/../lib/gcc/arm-none-eabi/10.3.1/../../../../arm-none-eabi/lib/thumb/v8-m.main+fp/softfp/libc_nano.a(lib_a-abort.o)
 .debug_frame   0x000000000000248c       0x28 /Applications/Simplicity Studio.app/Contents/Eclipse/developer/toolchains/gnu_arm/10.3_2021.10/bin/../lib/gcc/arm-none-eabi/10.3.1/../../../../arm-none-eabi/lib/thumb/v8-m.main+fp/softfp/libc_nano.a(lib_a-exit.o)
 .debug_frame   0x00000000000024b4       0x2c /Applications/Simplicity Studio.app/Contents/Eclipse/developer/toolchains/gnu_arm/10.3_2021.10/bin/../lib/gcc/arm-none-eabi/10.3.1/../../../../arm-none-eabi/lib/thumb/v8-m.main+fp/softfp/libc_nano.a(lib_a-init.o)
 .debug_frame   0x00000000000024e0       0x28 /Applications/Simplicity Studio.app/Contents/Eclipse/developer/toolchains/gnu_arm/10.3_2021.10/bin/../lib/gcc/arm-none-eabi/10.3.1/../../../../arm-none-eabi/lib/thumb/v8-m.main+fp/softfp/libc_nano.a(lib_a-memcpy-stub.o)
 .debug_frame   0x0000000000002508       0x20 /Applications/Simplicity Studio.app/Contents/Eclipse/developer/toolchains/gnu_arm/10.3_2021.10/bin/../lib/gcc/arm-none-eabi/10.3.1/../../../../arm-none-eabi/lib/thumb/v8-m.main+fp/softfp/libc_nano.a(lib_a-memset.o)
 .debug_frame   0x0000000000002528       0xcc /Applications/Simplicity Studio.app/Contents/Eclipse/developer/toolchains/gnu_arm/10.3_2021.10/bin/../lib/gcc/arm-none-eabi/10.3.1/../../../../arm-none-eabi/lib/thumb/v8-m.main+fp/softfp/libc_nano.a(lib_a-signal.o)
 .debug_frame   0x00000000000025f4       0x3c /Applications/Simplicity Studio.app/Contents/Eclipse/developer/toolchains/gnu_arm/10.3_2021.10/bin/../lib/gcc/arm-none-eabi/10.3.1/../../../../arm-none-eabi/lib/thumb/v8-m.main+fp/softfp/libc_nano.a(lib_a-signalr.o)
 .debug_frame   0x0000000000002630       0x5c /Applications/Simplicity Studio.app/Contents/Eclipse/developer/toolchains/gnu_arm/10.3_2021.10/bin/../lib/gcc/arm-none-eabi/10.3.1/../../../../arm-none-eabi/lib/thumb/v8-m.main+fp/softfp/libc_nano.a(lib_a-reent.o)
 .debug_frame   0x000000000000268c       0x20 /Applications/Simplicity Studio.app/Contents/Eclipse/developer/toolchains/gnu_arm/10.3_2021.10/bin/../lib/gcc/arm-none-eabi/10.3.1/../../../../arm-none-eabi/lib/thumb/v8-m.main+fp/softfp/libnosys.a(getpid.o)
 .debug_frame   0x00000000000026ac       0x20 /Applications/Simplicity Studio.app/Contents/Eclipse/developer/toolchains/gnu_arm/10.3_2021.10/bin/../lib/gcc/arm-none-eabi/10.3.1/../../../../arm-none-eabi/lib/thumb/v8-m.main+fp/softfp/libnosys.a(kill.o)
 .debug_frame   0x00000000000026cc       0x20 /Applications/Simplicity Studio.app/Contents/Eclipse/developer/toolchains/gnu_arm/10.3_2021.10/bin/../lib/gcc/arm-none-eabi/10.3.1/../../../../arm-none-eabi/lib/thumb/v8-m.main+fp/softfp/libnosys.a(_exit.o)

.stab           0x0000000000000000       0x3c
 .stab          0x0000000000000000       0x24 /Applications/Simplicity Studio.app/Contents/Eclipse/developer/toolchains/gnu_arm/10.3_2021.10/bin/../lib/gcc/arm-none-eabi/10.3.1/../../../../arm-none-eabi/lib/thumb/v8-m.main+fp/softfp/libnosys.a(getpid.o)
 .stab          0x0000000000000024       0x18 /Applications/Simplicity Studio.app/Contents/Eclipse/developer/toolchains/gnu_arm/10.3_2021.10/bin/../lib/gcc/arm-none-eabi/10.3.1/../../../../arm-none-eabi/lib/thumb/v8-m.main+fp/softfp/libnosys.a(kill.o)
                                         0x24 (size before relaxing)

.stabstr        0x0000000000000000       0x76
 .stabstr       0x0000000000000000       0x76 /Applications/Simplicity Studio.app/Contents/Eclipse/developer/toolchains/gnu_arm/10.3_2021.10/bin/../lib/gcc/arm-none-eabi/10.3.1/../../../../arm-none-eabi/lib/thumb/v8-m.main+fp/softfp/libnosys.a(getpid.o)
